// Jest Snapshot v1, https://goo.gl/fbAQLP

exports[`Testing al cliente. Es Juan 1`] = `
{
  "balance": 500,
  "nombre": "Juan Sebastian.",
  "tipo": "Premium",
}
`;
